// Jest Snapshot v1, https://goo.gl/fbAQLP

exports[`renders the UI as expected 1`] = `
<form>
  <section
    className="date_section"
  >
    <label
      className="box_label"
      htmlFor="date"
    >
      Log Date
       
    </label>
    <input
      id="log_date"
      max="2021-05-02"
      name="log_date"
      onChange={[Function]}
      type="date"
    />
  </section>
  <br />
  <div>
    <section
      className="mental"
    >
      <h2
        className="section_header"
      >
        Psychological
      </h2>
      <div>
        <h3
          className="box_label bold"
        >
          Mood Rating
        </h3>
        <h3
          className="box_label"
        >
          1 = Bad Mood 
          <br />
           5 = Great Mood
        </h3>
        <input
          checked={false}
          id="1"
          name="mood"
          onChange={[Function]}
          type="radio"
          value={1}
        />
        <label
          htmlFor="mood"
        >
          1
        </label>
        <input
          checked={false}
          id="2"
          name="mood"
          onChange={[Function]}
          type="radio"
          value={2}
        />
        <label
          htmlFor="mood"
        >
          2
        </label>
        <input
          checked={false}
          id="3"
          name="mood"
          onChange={[Function]}
          type="radio"
          value={3}
        />
        <label
          htmlFor="mood"
        >
          3
        </label>
        <input
          checked={false}
          id="4"
          name="mood"
          onChange={[Function]}
          type="radio"
          value={4}
        />
        <label
          htmlFor="mood"
        >
          4
        </label>
        <input
          checked={false}
          id="5"
          name="mood"
          onChange={[Function]}
          type="radio"
          value={5}
        />
        <label
          htmlFor="mood"
        >
          5
        </label>
      </div>
      <div
        className="stress"
      >
        <h2
          className="box_label bold"
        >
          Stress Level
        </h2>
        <h3
          className="box_label"
        >
          1 = Low Stress 
          <br />
          5 = High Stress
        </h3>
        <input
          checked={false}
          id="1"
          name="stress"
          onChange={[Function]}
          type="radio"
          value={1}
        />
        <label
          htmlFor="stress"
        >
          1
        </label>
        <input
          checked={false}
          id="2"
          name="stress"
          onChange={[Function]}
          type="radio"
          value={2}
        />
        <label
          htmlFor="stress"
        >
          2
        </label>
        <input
          checked={false}
          id="3"
          name="stress"
          onChange={[Function]}
          type="radio"
          value={3}
        />
        <label
          htmlFor="stress"
        >
          3
        </label>
        <input
          checked={false}
          id="4"
          name="stress"
          onChange={[Function]}
          type="radio"
          value={4}
        />
        <label
          htmlFor="stress"
        >
          4
        </label>
        <input
          checked={false}
          id="5"
          name="stress"
          onChange={[Function]}
          type="radio"
          value={5}
        />
        <label
          htmlFor="stress"
        >
          5
        </label>
      </div>
    </section>
    <section
      className="sleep"
    >
      <h2
        className="section_header"
      >
        Sleep
      </h2>
      <label
        className="box_label"
        htmlFor="sleep"
      >
        Hours slept
      </label>
      <br />
      <input
        className="input_box"
        id="sleep_hours"
        name="sleep_hours"
        onChange={[Function]}
        type="number"
      />
      <div>
        <h3
          className="box_label"
        >
          Sleep quality
        </h3>
        <input
          checked={false}
          id="1"
          name="sleep_quality"
          onChange={[Function]}
          type="radio"
          value={1}
        />
        <label
          htmlFor="sleep_quality"
        >
          1
        </label>
        <input
          checked={false}
          id="2"
          name="sleep_quality"
          onChange={[Function]}
          type="radio"
          value={2}
        />
        <label
          htmlFor="sleep_quality"
        >
          2
        </label>
        <input
          checked={false}
          id="3"
          name="sleep_quality"
          onChange={[Function]}
          type="radio"
          value={3}
        />
        <label
          htmlFor="sleep_quality"
        >
          3
        </label>
        <input
          checked={false}
          id="4"
          name="sleep_quality"
          onChange={[Function]}
          type="radio"
          value={4}
        />
        <label
          htmlFor="sleep_quality"
        >
          4
        </label>
        <input
          checked={false}
          id="5"
          name="sleep_quality"
          onChange={[Function]}
          type="radio"
          value={5}
        />
        <label
          htmlFor="sleep_quality"
        >
          5
        </label>
      </div>
    </section>
    <section
      className="exercise"
    >
      <h2
        className="section_header"
      >
        Physical
      </h2>
      <label
        className="box_label"
        htmlFor="exercise_minutes"
      >
        Minutes of exercise
      </label>
      <br />
      <input
        className="input_box"
        id="exercise_minutes"
        name="exercise_minutes"
        onChange={[Function]}
        type="number"
      />
      <br />
      <br />
      <label
        className="box_label"
        htmlFor="exercise_type"
      >
        Type of exercise
      </label>
      <br />
      <input
        className="input_box"
        id="exercise_type"
        name="exercise_type"
        onChange={[Function]}
        type="text"
      />
      <br />
      <br />
      <label
        className="box_label"
        htmlFor="water"
      >
        Water consumed (oz.)
      </label>
      <br />
      <input
        className="input_box"
        id="water"
        name="water"
        onChange={[Function]}
        type="number"
      />
    </section>
  </div>
  <div>
    <section
      className="other"
    >
      <label
        className="box_label"
        htmlFor="notes"
      >
        Additional notes
      </label>
      <br />
      <textarea
        id="notes"
        name="notes"
        onChange={[Function]}
        placeholder="Anything else you would like to track? Note it here!"
        rows="4"
      />
    </section>
  </div>
  <section
    className="button-section"
  >
    <button
      className="form_btn"
      type="submit"
    >
      Submit
    </button>
    <button
      className="form_btn"
      type="reset"
    >
      Reset
    </button>
  </section>
</form>
`;
