// Jest Snapshot v1, https://goo.gl/fbAQLP

exports[`renders the UI as expected 1`] = `
<main
  className="signup"
>
   
  <h2
    className="signup_header"
  >
    SIGN UP
  </h2>
  <h3
    className="signup_instructions"
  >
    Create an account to start tracking your health habits!
  </h3>
  <form
    className="signup_form"
    onSubmit={[Function]}
  >
    <input
      className="signup_field"
      name="username"
      onChange={[Function]}
      placeholder="Create a username..."
      type="text"
    />
    <br />
    <input
      className="signup_field"
      name="password"
      onChange={[Function]}
      placeholder="Create a password..."
      type="text"
    />
    <br />
    <br />
    <button
      className="form_btn"
      type="submit"
    >
      Create Account
    </button>
  </form>
</main>
`;
