// Jest Snapshot v1, https://goo.gl/fbAQLP

exports[`renders the UI as expected 1`] = `
<main
  className="new_log"
>
  <h2>
    Submit Log:
  </h2>
  <form
    onSubmit={[Function]}
  >
    <section>
      <label
        htmlFor="date"
      >
        Current Date
      </label>
      <input
        id="log_date"
        max="2021-04-27"
        name="log_date"
        onChange={[Function]}
        type="date"
        value=""
      />
    </section>
    <br />
    <div
      className="log_section"
    >
      <section
        className="mental"
      >
        <h2>
          Psychological
        </h2>
        <div
          className="mood_rating"
        >
          <h3>
            Mood Rating
          </h3>
          <h3>
            Rate your mood out of 5
          </h3>
          <input
            id="1"
            name="mood"
            onChange={[Function]}
            type="radio"
            value={1}
          />
          <label
            htmlFor="mood"
          >
            1
          </label>
          <input
            id="2"
            name="mood"
            onChange={[Function]}
            type="radio"
            value={2}
          />
          <label
            htmlFor="mood"
          >
            2
          </label>
          <input
            id="3"
            name="mood"
            onChange={[Function]}
            type="radio"
            value={3}
          />
          <label
            htmlFor="mood"
          >
            3
          </label>
          <input
            id="4"
            name="mood"
            onChange={[Function]}
            type="radio"
            value={4}
          />
          <label
            htmlFor="mood"
          >
            4
          </label>
          <input
            id="5"
            name="mood"
            onChange={[Function]}
            type="radio"
            value={5}
          />
          <label
            htmlFor="mood"
          >
            5
          </label>
        </div>
        <div
          className="stress"
        >
          <h2>
            Stress Level
          </h2>
          <h3>
            Rate your stress level with 5 being the most stressed
          </h3>
          <input
            id="1"
            name="stress"
            onChange={[Function]}
            type="radio"
            value={1}
          />
          <label
            htmlFor="stress"
          >
            1
          </label>
          <input
            id="2"
            name="stress"
            onChange={[Function]}
            type="radio"
            value={2}
          />
          <label
            htmlFor="stress"
          >
            2
          </label>
          <input
            id="3"
            name="stress"
            onChange={[Function]}
            type="radio"
            value={3}
          />
          <label
            htmlFor="stress"
          >
            3
          </label>
          <input
            id="4"
            name="stress"
            onChange={[Function]}
            type="radio"
            value={4}
          />
          <label
            htmlFor="stress"
          >
            4
          </label>
          <input
            id="5"
            name="stress"
            onChange={[Function]}
            type="radio"
            value={5}
          />
          <label
            htmlFor="stress"
          >
            5
          </label>
        </div>
      </section>
      <section
        className="sleep"
      >
        <h2>
          Sleep
        </h2>
        <label
          htmlFor="sleep"
        >
          Hours slept
        </label>
        <br />
        <input
          id="sleep_hours"
          name="sleep_hours"
          onChange={[Function]}
          type="number"
          value=""
        />
        <div>
          <h3>
            Sleep quality
          </h3>
          <input
            id="1"
            name="sleep_quality"
            onChange={[Function]}
            type="radio"
            value={1}
          />
          <label
            htmlFor="sleep_quality"
          >
            1
          </label>
          <input
            id="2"
            name="sleep_quality"
            onChange={[Function]}
            type="radio"
            value={2}
          />
          <label
            htmlFor="sleep_quality"
          >
            2
          </label>
          <input
            id="3"
            name="sleep_quality"
            onChange={[Function]}
            type="radio"
            value={3}
          />
          <label
            htmlFor="sleep_quality"
          >
            3
          </label>
          <input
            id="4"
            name="sleep_quality"
            onChange={[Function]}
            type="radio"
            value={4}
          />
          <label
            htmlFor="sleep_quality"
          >
            4
          </label>
          <input
            id="5"
            name="sleep_quality"
            onChange={[Function]}
            type="radio"
            value={5}
          />
          <label
            htmlFor="sleep_quality"
          >
            5
          </label>
        </div>
      </section>
      <br />
      <section
        className="exercise"
      >
        <h2>
          Physical
        </h2>
        <label
          htmlFor="exercise_minutes"
        >
          Minutes of exercise
        </label>
        <br />
        <input
          id="exercise_minutes"
          name="exercise_minutes"
          onChange={[Function]}
          type="number"
          value=""
        />
        <br />
        <br />
        <label
          htmlFor="exercise_type"
        >
          Type of exercise
        </label>
        <br />
        <input
          id="exercise_type"
          name="exercise_type"
          onChange={[Function]}
          type="text"
          value=""
        />
        <br />
        <br />
        <label
          htmlFor="water"
        >
          Ounces of water consumed
        </label>
        <br />
        <input
          id="water"
          name="water"
          onChange={[Function]}
          type="number"
          value=""
        />
      </section>
    </div>
    <br />
    <br />
    <div
      className="log_section"
    >
      <section
        className="other"
      >
        <label
          htmlFor="notes"
        >
          Additional notes
        </label>
        <br />
        <textarea
          cols="50"
          id="notes"
          name="notes"
          onChange={[Function]}
          placeholder="Anything else you would like to track? Note it here!"
          rows="4"
          value=""
        />
      </section>
    </div>
    <section
      className="button-section"
    >
      <button
        type="submit"
      >
        Submit
      </button>
      <button
        onClick={[Function]}
        type="reset"
      >
        Reset
      </button>
    </section>
  </form>
</main>
`;
